[shillongteerground.com/index.html]
[backblue.gif]
[fade.gif]
[index.html]
[shillongteerground.com/static/css/style.css]
[shillongteerground.com/static/images/16.ico]
[shillongteerground.com/static/images/indian_flag_bg.webp]
[shillongteerground.com/static/images/shillong_teer_ground_logo.png]
[shillongteerground.com/static/images/teer-common-numbers.webp]
[shillongteerground.com/static/images/live.webp]
[shillongteerground.com/common-numbers/index.html]
[shillongteerground.com/dream-numbers/index.html]
[shillongteerground.com/static/images/teer-dream-numbers.webp]
[shillongteerground.com/teer-live/index.html]
[shillongteerground.com/static/images/club-chart.webp]
[shillongteerground.com/club-chart/index.html]
[shillongteerground.com/static/images/night-teer-ground.webp]
[shillongteerground.com/static/images/teer-previous-numbers.webp]
[shillongteerground.com/static/images/notice.png]
[shillongteerground.com/previous-results/index.html]
[shillongteerground.com/static/images/ReputedCounter.webp]
[shillongteerground.com/notice/index.html]
[shillongteerground.com/reputed-counters/index.html]
[shillongteerground.com/static/images/teer-result.webp]
[shillongteerground.com/static/images/lucky-number.webp]
[shillongteerground.com/index.html]
[shillongteerground.com/lucky-number/index.html]
[shillongteerground.com/static/images/big-btn.html]
[shillongteerground.com/static/images/t-social.html]
[shillongteerground.com/static/css/style.css]
[shillongteerground.com/common-numbers/index.html]
[shillongteerground.com/static/images/upload.html]
[shillongteerground.com/static/images/lodin-bar.gif]
[shillongteerground.com/teer-live/index.html]
[shillongteerground.com/dream-numbers/index.html]
[shillongteerground.com/club-chart/index.html]
[shillongteerground.com/previous-results/index.html]
[shillongteerground.com/notice/index.html]
[shillongteerground.com/reputed-counters/index.html]
[shillongteerground.com/lucky-number/index.html]
[shillongteerground.com/previous-lucky-numbers/index.html]
[shillongteerground.com/static/images/big-btn.html]
[shillongteerground.com/static/images/t-social.html]
[shillongteerground.com/static/images/upload.html]
[shillongteerground.com/previous-lucky-numbers/index.html]
